<html>
<body>
<pre>
<h1>µVision Build Log</h1>
<h2>Tool Versions:</h2>
IDE-Version: µVision V5.28.0.0
Copyright (C) 2019 ARM Ltd and ARM Germany GmbH. All rights reserved.
License Information: Phan Quynh nhu, HP Inc., LIC=65IJJ-UCA8M-QCKJ5-GIDJ0-HDEAL-IYKCU
 
Tool Versions:
Toolchain:       MDK-ARM Plus  Version: 5.28.0.0
Toolchain Path:  C:\Keil_v5\ARM\ARMCC\Bin
C Compiler:      Armcc.exe V5.06 update 6 (build 750)
Assembler:       Armasm.exe V5.06 update 6 (build 750)
Linker/Locator:  ArmLink.exe V5.06 update 6 (build 750)
Library Manager: ArmAr.exe V5.06 update 6 (build 750)
Hex Converter:   FromElf.exe V5.06 update 6 (build 750)
CPU DLL:         SARMCM3.DLL V5.28.0.0
Dialog DLL:      DCM.DLL V1.17.3.0
Target DLL:      UL2CM3.DLL V1.162.16.0
Dialog DLL:      TCM.DLL V1.36.2.0
 
<h2>Project:</h2>
E:\Github\1.sample\USER\Winxkin.uvprojx
Project File Date:  06/30/2022

<h2>Output:</h2>
*** Using Compiler 'V5.06 update 6 (build 750)', folder: 'C:\Keil_v5\ARM\ARMCC\Bin'
Build target 'Target 1'
compiling stm32f10x_cec.c...
compiling stm32f10x_dma.c...
compiling stm32f10x_adc.c...
compiling stm32f10x_dac.c...
compiling stm32f10x_dbgmcu.c...
compiling stm32f10x_crc.c...
compiling stm32f10x_can.c...
compiling misc.c...
compiling stm32f10x_bkp.c...
compiling stm32f10x_exti.c...
compiling stm32f10x_flash.c...
compiling stm32f10x_i2c.c...
compiling stm32f10x_pwr.c...
compiling stm32f10x_iwdg.c...
compiling stm32f10x_rtc.c...
compiling stm32f10x_gpio.c...
compiling stm32f10x_fsmc.c...
compiling stm32f10x_spi.c...
compiling stm32f10x_rcc.c...
compiling stm32f10x_sdio.c...
compiling stm32f10x_usart.c...
compiling stm32f10x_tim.c...
compiling delay.c...
compiling stm32f10x_wwdg.c...
compiling LED.c...
compiling main.c...
compiling dht.c...
..\LIB\dht.c(204): warning:  #940-D: missing return statement at end of non-void function "Readtemp" 
  }
..\LIB\dht.c(229): warning:  #940-D: missing return statement at end of non-void function "Readhumi" 
  }
..\LIB\dht.c: 2 warnings, 0 errors
compiling stm32f10x_it.c...
compiling seg.c...
..\LIB\seg.c(81): warning:  #188-D: enumerated type mixed with another type
  	digitalWrite( a, buf[0] );
..\LIB\seg.c(82): warning:  #188-D: enumerated type mixed with another type
  	digitalWrite( b, buf[1] );
..\LIB\seg.c(83): warning:  #188-D: enumerated type mixed with another type
  	digitalWrite( c, buf[2] );
..\LIB\seg.c(84): warning:  #188-D: enumerated type mixed with another type
  	digitalWrite( d, buf[3] );
..\LIB\seg.c(85): warning:  #188-D: enumerated type mixed with another type
  	digitalWrite( e, buf[4] );
..\LIB\seg.c(86): warning:  #188-D: enumerated type mixed with another type
  	digitalWrite( f, buf[5] );
..\LIB\seg.c(87): warning:  #188-D: enumerated type mixed with another type
  	digitalWrite( g, buf[6] );
..\LIB\seg.c(88): warning:  #188-D: enumerated type mixed with another type
  	digitalWrite( dp, buf[7] );
..\LIB\seg.c: 8 warnings, 0 errors
compiling LCD.c...
..\LIB\LCD.h(42): warning:  #1295-D: Deprecated declaration LCD_init - give arg types
  void LCD_init ();
..\LIB\LCD.h(44): warning:  #1295-D: Deprecated declaration LCD_start - give arg types
  void LCD_start ();
..\LIB\LCD.c(45): warning:  #188-D: enumerated type mixed with another type
  	digitalWrite( D0, b[0] );
..\LIB\LCD.c(46): warning:  #188-D: enumerated type mixed with another type
  	digitalWrite( D1, b[1] );
..\LIB\LCD.c(47): warning:  #188-D: enumerated type mixed with another type
  	digitalWrite( D2, b[2] );
..\LIB\LCD.c(48): warning:  #188-D: enumerated type mixed with another type
  	digitalWrite( D3, b[3] );
..\LIB\LCD.c(49): warning:  #188-D: enumerated type mixed with another type
  	digitalWrite( D4, b[4] );
..\LIB\LCD.c(50): warning:  #188-D: enumerated type mixed with another type
  	digitalWrite( D5, b[5] );
..\LIB\LCD.c(51): warning:  #188-D: enumerated type mixed with another type
  	digitalWrite( D6, b[6] );
..\LIB\LCD.c(52): warning:  #188-D: enumerated type mixed with another type
  	digitalWrite( D7, b[7] );
..\LIB\LCD.c: 10 warnings, 0 errors
compiling system_stm32f10x.c...
compiling sys.c...
linking...
Program Size: Code=1172 RO-data=320 RW-data=0 ZI-data=1632  
FromELF: creating hex file...
".\Objects\Winxkin.axf" - 0 Error(s), 20 Warning(s).

<h2>Software Packages used:</h2>

Package Vendor: Keil
                http://www.keil.com/pack/Keil.STM32F1xx_DFP.2.4.0.pack
                Keil.STM32F1xx_DFP.2.4.0
                STMicroelectronics STM32F1 Series Device Support, Drivers and Examples

<h2>Collection of Component include folders:</h2>
  .\RTE\_Target_1
  C:\Users\Duy Huan\AppData\Local\Arm\Packs\Keil\STM32F1xx_DFP\2.4.0\Device\Include

<h2>Collection of Component Files used:</h2>
Build Time Elapsed:  00:00:03
</pre>
</body>
</html>
